../Core/Src/main.c:192:6:SystemClock_Config	112	static,ignoring_inline_asm
../Core/Src/main.c:301:6:DFPlayer_SendCommand	24	static
../Core/Src/main.c:321:9:getRandomNumber	8	static
../Core/Src/main.c:327:6:TurnOffAllLEDs	8	static
../Core/Src/main.c:334:6:PlayExplosionSound	8	static
../Core/Src/main.c:339:6:HAL_TIM_PeriodElapsedCallback	16	static
../Core/Src/main.c:361:6:EXTI1_IRQHandler	8	static
../Core/Src/main.c:366:6:HAL_GPIO_EXTI_Callback	8	static
../Core/Src/main.c:381:6:SetAmberPWM	0	static
../Core/Src/main.c:388:9:CalculateDutyCycle	8	static
../Core/Src/main.c:240:6:HandleState	24	static
../Core/Src/main.c:134:5:main	8	static
../Core/Src/main.c:396:10:RoundedDivision	8	static
../Core/Src/main.c:408:6:Error_Handler	0	static,ignoring_inline_asm
