../Core/Src/main.c:189:6:SystemClock_Config	112	static,ignoring_inline_asm
../Core/Src/main.c:290:6:DFPlayer_SendCommand	24	static
../Core/Src/main.c:310:9:getRandomNumber	8	static
../Core/Src/main.c:316:6:TurnOffAllLEDs	8	static
../Core/Src/main.c:323:6:PlayExplosionSound	8	static
../Core/Src/main.c:328:9:ReadPlaybackStatus	24	static
../Core/Src/main.c:343:6:HAL_TIM_PeriodElapsedCallback	16	static
../Core/Src/main.c:365:6:Timeout_CheckPlayback	16	static
../Core/Src/main.c:237:6:HandleState	16	static
../Core/Src/main.c:134:5:main	8	static
../Core/Src/main.c:393:6:EXTI1_IRQHandler	8	static
../Core/Src/main.c:398:6:HAL_GPIO_EXTI_Callback	8	static
../Core/Src/main.c:412:6:debugBlink	8	static
../Core/Src/main.c:429:6:Error_Handler	0	static,ignoring_inline_asm
